-------------------------------------------
           token type  text
-------------------------------------------
          SCAN ERROR  $
               IDENT  minus
