-------------------------------------------
           token type  text
-------------------------------------------
      STRING_LITERAL  
          SCAN ERROR  "
