-------------------------------------------
           token type  text
-------------------------------------------
          SCAN ERROR  @
          SCAN ERROR  #
          SCAN ERROR  &
          SCAN ERROR  |
          SCAN ERROR  \
