-------------------------------------------
           token type  text
-------------------------------------------
               IDENT  minus
          SCAN ERROR  #
     INTEGER_LITERAL  44
