-------------------------------------------
           token type  text
-------------------------------------------
          SCAN ERROR  '
               IDENT  ca
          SCAN ERROR  '
