-------------------------------------------
           token type  text
-------------------------------------------
          SCAN ERROR  '
          SCAN ERROR  \
               IDENT  ac
          SCAN ERROR  '
