-------------------------------------------
           token type  text
-------------------------------------------
               IDENT  br
          SCAN ERROR  @
               IDENT  tt
