-------------------------------------------
           token type  text
-------------------------------------------
  MULTI_LINE_COMMENT  
  MULTI_LINE_COMMENT  
  MULTI_LINE_COMMENT  
  MULTI_LINE_COMMENT  
